st25r3911_interrupt.c:86:6:st25r3911InitInterrupts	8	static
st25r3911_interrupt.c:108:6:st25r3911Isr	8	static
st25r3911_interrupt.c:118:6:st25r3911CheckForReceivedInterrupts	16	static
st25r3911_interrupt.c:161:6:st25r3911ModifyInterrupts	32	static
st25r3911_interrupt.c:182:10:st25r3911WaitForInterruptsTimed	24	static
st25r3911_interrupt.c:202:10:st25r3911GetInterrupt	24	static
st25r3911_interrupt.c:216:6:st25r3911EnableInterrupts	16	static
st25r3911_interrupt.c:221:6:st25r3911DisableInterrupts	16	static
st25r3911_interrupt.c:226:6:st25r3911ClearInterrupts	16	static
st25r3911_interrupt.c:238:6:st25r3911IRQCallbackSet	16	static
st25r3911_interrupt.c:244:6:st25r3911IRQCallbackRestore	4	static
